../Core/Src/ui.c:70:13:UI_DrawRect	32	static
../Core/Src/ui.c:77:13:Draw_Terminal_Button_State	96	static
../Core/Src/ui.c:102:13:Draw_Terminal_Button	24	static
../Core/Src/ui.c:106:13:Flash_Button	48	static
../Core/Src/ui.c:125:13:Draw_Keyboard_Static	64	static
../Core/Src/ui.c:158:13:Update_Input_Display	32	static
../Core/Src/ui.c:165:13:Check_Keyboard_Touch	72	static
../Core/Src/ui.c:196:5:Find_Free_Slot	16	static
../Core/Src/ui.c:203:5:Get_Total_Active_Signals	16	static
../Core/Src/ui.c:211:6:Delete_Signal	24	static
../Core/Src/ui.c:223:6:UI_Init	8	static
../Core/Src/ui.c:231:6:UI_Draw_Boot_Sequence	24	static
../Core/Src/ui.c:241:6:UI_Refresh	144	static
../Core/Src/ui.c:350:6:UI_Update_Dynamic_Elements	48	static
../Core/Src/ui.c:391:6:UI_Handle_Touch	96	static
