2026-06-27 20:56:13,988 [INFO] Activator:176 - 


2026-06-27 20:56:13,990 [INFO] Activator:177 - !SESSION log4j initialized
2026-06-27 20:56:17,125 [INFO] LogOutputStream:77 - [STDOUT_REDIRECT] 
2026-06-27 20:56:29,658 [INFO] ApplicationProperties:184 - Using Application install path: C:\ST\STM32CubeIDE_1.17.0\STM32CubeIDE\plugins\com.st.stm32cube.common.mx_6.13.0.202411220809
2026-06-27 20:56:29,675 [INFO] DbMcusXml:78 - Set database path to: C:\ST\STM32CubeIDE_1.17.0\STM32CubeIDE\plugins\com.st.stm32cube.common.mx_6.13.0.202411220809\\db\/mcu/
2026-06-27 20:56:29,675 [INFO] ApiDb:274 - Set plugin database path to: C:\ST\STM32CubeIDE_1.17.0\STM32CubeIDE\plugins\com.st.stm32cube.common.mx_6.13.0.202411220809\\db\/plugins/boardmanager/
2026-06-27 20:56:29,675 [WARN] ApiDb:259 - Overriding images path with different value:  => C:\ST\STM32CubeIDE_1.17.0\STM32CubeIDE\plugins\com.st.stm32cube.common.mx_6.13.0.202411220809\\db\/plugins/mcufinder/images/
2026-06-27 20:56:29,693 [INFO] ApiDb:250 - Set database path to: C:\Users\richd\.stmcufinder\plugins\mcufinder//mcu/
2026-06-27 20:56:29,694 [INFO] DbMcusAds:125 - Set database path to: C:\Users\richd\.stmcufinder\plugins\mcufinder//mcu/
2026-06-27 20:56:29,698 [INFO] CrossReferenceDbSqlite:203 - Set database path to: C:\Users\richd\.stmcufinder\plugins\mcufinder//mcu/cs/
2026-06-27 20:56:29,791 [INFO] RulesReader:64 - Compatibility file has been processed (297 Rules)
2026-06-27 20:56:29,874 [INFO] DbMcusXml:78 - Set database path to: C:\ST\STM32CubeIDE_1.17.0\STM32CubeIDE\plugins\com.st.stm32cube.common.mx_6.13.0.202411220809\\db\/mcu/
2026-06-27 20:56:29,874 [INFO] ApiDb:274 - Set plugin database path to: C:\ST\STM32CubeIDE_1.17.0\STM32CubeIDE\plugins\com.st.stm32cube.common.mx_6.13.0.202411220809\\db\/plugins/boardmanager/
2026-06-27 20:56:29,874 [INFO] ApiDb:261 - Set plugin images path to: C:\ST\STM32CubeIDE_1.17.0\STM32CubeIDE\plugins\com.st.stm32cube.common.mx_6.13.0.202411220809\\db\/plugins/mcufinder/images/
2026-06-27 20:56:29,875 [WARN] DbFile:41 - Overriding database path with different value: C:\Users\richd\.stmcufinder\plugins\mcufinder/ => C:\Users\richd\.stmcufinder\plugins\mcufinder
2026-06-27 20:56:29,875 [INFO] ApiDb:250 - Set database path to: C:\Users\richd\.stmcufinder\plugins\mcufinder//mcu/
2026-06-27 20:56:29,875 [WARN] DbFile:41 - Overriding database path with different value: C:\Users\richd\.stmcufinder\plugins\mcufinder/ => C:\Users\richd\.stmcufinder\plugins\mcufinder
2026-06-27 20:56:29,875 [INFO] DbMcusAds:125 - Set database path to: C:\Users\richd\.stmcufinder\plugins\mcufinder//mcu/
2026-06-27 20:56:29,875 [WARN] DbFile:41 - Overriding database path with different value: C:\Users\richd\.stmcufinder\plugins\mcufinder/ => C:\Users\richd\.stmcufinder\plugins\mcufinder
2026-06-27 20:56:29,875 [WARN] DbFile:41 - Overriding database path with different value: C:\Users\richd\.stmcufinder\plugins\mcufinder/ => C:\Users\richd\.stmcufinder\plugins\mcufinder
2026-06-27 20:56:29,875 [INFO] CrossReferenceDbSqlite:203 - Set database path to: C:\Users\richd\.stmcufinder\plugins\mcufinder//mcu/cs/
2026-06-27 20:56:29,950 [INFO] MainPanel:272 - HeapMemory: 268435456
2026-06-27 20:56:30,067 [INFO] DbMcusXml:78 - Set database path to: C:\ST\STM32CubeIDE_1.17.0\STM32CubeIDE\plugins\com.st.stm32cube.common.mx_6.13.0.202411220809\\db\/mcu/
2026-06-27 20:56:30,067 [INFO] ApiDb:274 - Set plugin database path to: C:\ST\STM32CubeIDE_1.17.0\STM32CubeIDE\plugins\com.st.stm32cube.common.mx_6.13.0.202411220809\\db\/plugins/boardmanager/
2026-06-27 20:56:30,067 [INFO] ApiDb:261 - Set plugin images path to: C:\ST\STM32CubeIDE_1.17.0\STM32CubeIDE\plugins\com.st.stm32cube.common.mx_6.13.0.202411220809\\db\/plugins/mcufinder/images/
2026-06-27 20:56:30,067 [WARN] DbFile:41 - Overriding database path with different value: C:\Users\richd\.stmcufinder\plugins\mcufinder/ => C:\Users\richd\.stmcufinder\plugins\mcufinder
2026-06-27 20:56:30,067 [INFO] ApiDb:250 - Set database path to: C:\Users\richd\.stmcufinder\plugins\mcufinder//mcu/
2026-06-27 20:56:30,067 [WARN] DbFile:41 - Overriding database path with different value: C:\Users\richd\.stmcufinder\plugins\mcufinder/ => C:\Users\richd\.stmcufinder\plugins\mcufinder
2026-06-27 20:56:30,067 [INFO] DbMcusAds:125 - Set database path to: C:\Users\richd\.stmcufinder\plugins\mcufinder//mcu/
2026-06-27 20:56:30,067 [WARN] DbFile:41 - Overriding database path with different value: C:\Users\richd\.stmcufinder\plugins\mcufinder/ => C:\Users\richd\.stmcufinder\plugins\mcufinder
2026-06-27 20:56:30,068 [WARN] DbFile:41 - Overriding database path with different value: C:\Users\richd\.stmcufinder\plugins\mcufinder/ => C:\Users\richd\.stmcufinder\plugins\mcufinder
2026-06-27 20:56:30,068 [INFO] CrossReferenceDbSqlite:203 - Set database path to: C:\Users\richd\.stmcufinder\plugins\mcufinder//mcu/cs/
2026-06-27 20:56:30,085 [INFO] ApplicationProperties:184 - Using Application install path: C:\ST\STM32CubeIDE_1.17.0\STM32CubeIDE\plugins\com.st.stm32cube.common.mx_6.13.0.202411220809
2026-06-27 20:56:30,086 [INFO] PluginManage:196 - Search for loadable plugins [exclusion list=, ]
2026-06-27 20:56:30,088 [INFO] PluginManage:310 - Check plugin analytics
2026-06-27 20:56:30,223 [INFO] AnalyticsPlugin:253 - Accepted Software Licenses: STM32CubeMX.6.13.0
2026-06-27 20:56:30,223 [INFO] AnalyticsPlugin:255 - Accepted CMSIS Pack Licenses: 
2026-06-27 20:56:30,223 [INFO] AnalyticsPlugin:257 - Accepted Firmware Licenses: FW.F4.1.28.0,FW.F7.1.17.0
2026-06-27 20:56:30,225 [INFO] PluginManage:359 - Loaded plugin analytics (category:tool,tabindex:-1)
2026-06-27 20:56:30,225 [INFO] PluginManage:310 - Check plugin cadmodel
2026-06-27 20:56:30,241 [INFO] CADModel:105 - Init CAD model plugin
2026-06-27 20:56:30,241 [INFO] PluginManage:359 - Loaded plugin cadmodel (category:power,tabindex:5)
2026-06-27 20:56:30,241 [INFO] PluginManage:310 - Check plugin clock
2026-06-27 20:56:30,266 [INFO] PluginManage:359 - Loaded plugin clock (category:base,tabindex:2)
2026-06-27 20:56:30,266 [INFO] PluginManage:310 - Check plugin ddr
2026-06-27 20:56:30,269 [INFO] PluginManage:359 - Loaded plugin ddr (category:tool,tabindex:6)
2026-06-27 20:56:30,269 [INFO] PluginManage:310 - Check plugin filemanager
2026-06-27 20:56:30,433 [INFO] PluginManage:359 - Loaded plugin filemanager (category:base,tabindex:10)
2026-06-27 20:56:30,433 [INFO] PluginManage:310 - Check plugin ipmanager
2026-06-27 20:56:30,441 [INFO] PluginManage:359 - Loaded plugin ipmanager (category:base,tabindex:5)
2026-06-27 20:56:30,442 [INFO] PluginManage:310 - Check plugin lpbam
2026-06-27 20:56:30,459 [INFO] PluginManage:359 - Loaded plugin lpbam (category:base,tabindex:0)
2026-06-27 20:56:30,459 [INFO] PluginManage:310 - Check plugin memorymap
2026-06-27 20:56:30,480 [INFO] PluginManage:359 - Loaded plugin memorymap (category:base,tabindex:4)
2026-06-27 20:56:30,480 [INFO] PluginManage:310 - Check plugin pinoutandconfiguration
2026-06-27 20:56:30,500 [INFO] PluginManage:359 - Loaded plugin pinoutandconfiguration (category:base,tabindex:1)
2026-06-27 20:56:30,501 [INFO] PluginManage:310 - Check plugin pinoutconfig
2026-06-27 20:56:30,582 [WARN] SupportedApi:132 - Cannot load RTOS API schema: s4s-elt-must-match.1: The content of 'definitions' must match (annotation?, (simpleType | complexType)?, (unique | key | keyref)*)). A problem was found starting at: attribute.
2026-06-27 20:56:30,699 [INFO] PluginManage:359 - Loaded plugin pinoutconfig (category:base,tabindex:0)
2026-06-27 20:56:30,699 [INFO] PluginManage:310 - Check plugin power
2026-06-27 20:56:30,722 [INFO] PluginManage:359 - Loaded plugin power (category:power,tabindex:4)
2026-06-27 20:56:30,722 [INFO] PluginManage:310 - Check plugin projectmanager
2026-06-27 20:56:30,735 [INFO] PluginManage:359 - Loaded plugin projectmanager (category:projectmanager,tabindex:4)
2026-06-27 20:56:30,735 [INFO] PluginManage:310 - Check plugin rif
2026-06-27 20:56:30,751 [INFO] PluginManage:359 - Loaded plugin rif (category:base,tabindex:3)
2026-06-27 20:56:30,751 [INFO] PluginManage:310 - Check plugin thirdparty
2026-06-27 20:56:31,060 [WARN] IntegrityCheckThread:84 - waiting for thirdparty lock release [integrity check]
2026-06-27 20:56:31,060 [INFO] PluginManage:359 - Loaded plugin thirdparty (category:base,tabindex:-1)
2026-06-27 20:56:31,060 [INFO] IntegrityCheckThread:86 - entering critical section [integrity check]
2026-06-27 20:56:31,062 [INFO] PluginManage:310 - Check plugin tools
2026-06-27 20:56:31,062 [INFO] ThirdPartyUpdaterWithRetryManager:70 - Updater plugin not ready yet. [1/15]
2026-06-27 20:56:31,102 [INFO] PluginManage:359 - Loaded plugin tools (category:base,tabindex:7)
2026-06-27 20:56:31,103 [INFO] PluginManage:310 - Check plugin tutovideos
2026-06-27 20:56:31,280 [INFO] PluginManage:359 - Loaded plugin tutovideos (category:base,tabindex:-1)
2026-06-27 20:56:31,280 [INFO] PluginManage:310 - Check plugin updater
2026-06-27 20:56:31,298 [INFO] PluginManage:359 - Loaded plugin updater (category:base,tabindex:12)
2026-06-27 20:56:31,298 [INFO] PluginManage:310 - Check plugin userauth
2026-06-27 20:56:31,302 [INFO] UserAuth:118 - Init User Auth plugin
2026-06-27 20:56:31,303 [INFO] PluginManage:359 - Loaded plugin userauth (category:base,tabindex:14)
2026-06-27 20:56:31,303 [INFO] PluginManage:283 - PluginManage : Loaded plugins [18]
2026-06-27 20:56:31,510 [INFO] PinOutPanel:1589 - setPackage(No Configuration,No Configuration)
2026-06-27 20:56:31,580 [INFO] CADModel:165 - CPN selected for project level
2026-06-27 20:56:31,580 [INFO] CADModel:114 - Register for checkConnection events
2026-06-27 20:56:31,604 [INFO] IPUIPlugin:80 - create IPUIPlugin
2026-06-27 20:56:31,604 [INFO] PluginManager:220 - loadIPPluginJar : add adc
2026-06-27 20:56:31,644 [INFO] IPUIPlugin:80 - create IPUIPlugin
2026-06-27 20:56:31,644 [INFO] PluginManager:220 - loadIPPluginJar : add aes
2026-06-27 20:56:31,689 [INFO] IPUIPlugin:80 - create IPUIPlugin
2026-06-27 20:56:31,689 [INFO] PluginManager:220 - loadIPPluginJar : add can
2026-06-27 20:56:31,715 [INFO] IPUIPlugin:80 - create IPUIPlugin
2026-06-27 20:56:31,716 [INFO] PluginManager:220 - loadIPPluginJar : add comp
2026-06-27 20:56:31,755 [INFO] IPUIPlugin:80 - create IPUIPlugin
2026-06-27 20:56:31,756 [INFO] PluginManager:220 - loadIPPluginJar : add cryp
2026-06-27 20:56:31,769 [INFO] IPUIPlugin:80 - create IPUIPlugin
2026-06-27 20:56:31,769 [INFO] PluginManager:220 - loadIPPluginJar : add ddr_ctrl_phy
2026-06-27 20:56:31,804 [INFO] IPUIPlugin:80 - create IPUIPlugin
2026-06-27 20:56:31,804 [INFO] PluginManager:220 - loadIPPluginJar : add dfsdm
2026-06-27 20:56:31,819 [INFO] IPUIPlugin:80 - create IPUIPlugin
2026-06-27 20:56:31,819 [INFO] PluginManager:220 - loadIPPluginJar : add dma
2026-06-27 20:56:31,867 [INFO] IPUIPlugin:80 - create IPUIPlugin
2026-06-27 20:56:31,867 [INFO] PluginManager:220 - loadIPPluginJar : add dma3
2026-06-27 20:56:31,922 [INFO] IPUIPlugin:80 - create IPUIPlugin
2026-06-27 20:56:31,922 [INFO] PluginManager:220 - loadIPPluginJar : add extmemmanager
2026-06-27 20:56:31,945 [INFO] IPUIPlugin:80 - create IPUIPlugin
2026-06-27 20:56:31,946 [INFO] PluginManager:220 - loadIPPluginJar : add fatfs
2026-06-27 20:56:31,995 [INFO] IPUIPlugin:80 - create IPUIPlugin
2026-06-27 20:56:31,996 [INFO] PluginManager:220 - loadIPPluginJar : add fmc
2026-06-27 20:56:32,009 [INFO] IPUIPlugin:80 - create IPUIPlugin
2026-06-27 20:56:32,009 [INFO] PluginManager:220 - loadIPPluginJar : add freertos
2026-06-27 20:56:32,032 [INFO] IPUIPlugin:80 - create IPUIPlugin
2026-06-27 20:56:32,032 [INFO] PluginManager:220 - loadIPPluginJar : add genericplugin
2026-06-27 20:56:32,127 [INFO] IPUIPlugin:80 - create IPUIPlugin
2026-06-27 20:56:32,127 [INFO] PluginManager:220 - loadIPPluginJar : add gfxmmu
2026-06-27 20:56:32,265 [INFO] IPUIPlugin:80 - create IPUIPlugin
2026-06-27 20:56:32,265 [INFO] PluginManager:220 - loadIPPluginJar : add gic
2026-06-27 20:56:32,278 [INFO] IPUIPlugin:80 - create IPUIPlugin
2026-06-27 20:56:32,278 [INFO] PluginManager:220 - loadIPPluginJar : add gpio
2026-06-27 20:56:32,376 [INFO] IPUIPlugin:80 - create IPUIPlugin
2026-06-27 20:56:32,376 [INFO] PluginManager:220 - loadIPPluginJar : add gtzc
2026-06-27 20:56:32,411 [INFO] IPUIPlugin:80 - create IPUIPlugin
2026-06-27 20:56:32,412 [INFO] PluginManager:220 - loadIPPluginJar : add hash
2026-06-27 20:56:32,466 [INFO] IPUIPlugin:80 - create IPUIPlugin
2026-06-27 20:56:32,466 [INFO] PluginManager:220 - loadIPPluginJar : add i2c
2026-06-27 20:56:32,507 [INFO] IPUIPlugin:80 - create IPUIPlugin
2026-06-27 20:56:32,507 [INFO] PluginManager:220 - loadIPPluginJar : add i2s
2026-06-27 20:56:32,554 [INFO] IPUIPlugin:80 - create IPUIPlugin
2026-06-27 20:56:32,554 [INFO] PluginManager:220 - loadIPPluginJar : add i3c
2026-06-27 20:56:32,656 [INFO] IPUIPlugin:80 - create IPUIPlugin
2026-06-27 20:56:32,656 [INFO] PluginManager:220 - loadIPPluginJar : add ipddr
2026-06-27 20:56:32,750 [INFO] IPUIPlugin:80 - create IPUIPlugin
2026-06-27 20:56:32,750 [INFO] PluginManager:220 - loadIPPluginJar : add linkedlist
2026-06-27 20:56:32,787 [INFO] IPUIPlugin:80 - create IPUIPlugin
2026-06-27 20:56:32,788 [INFO] PluginManager:220 - loadIPPluginJar : add lorawan
2026-06-27 20:56:32,826 [INFO] IPUIPlugin:80 - create IPUIPlugin
2026-06-27 20:56:32,826 [INFO] PluginManager:220 - loadIPPluginJar : add ltdc
2026-06-27 20:56:32,840 [INFO] IPUIPlugin:80 - create IPUIPlugin
2026-06-27 20:56:32,840 [INFO] PluginManager:220 - loadIPPluginJar : add mdma
2026-06-27 20:56:32,852 [INFO] IPUIPlugin:80 - create IPUIPlugin
2026-06-27 20:56:32,853 [INFO] PluginManager:220 - loadIPPluginJar : add nvic
2026-06-27 20:56:32,884 [INFO] IPUIPlugin:80 - create IPUIPlugin
2026-06-27 20:56:32,884 [INFO] PluginManager:220 - loadIPPluginJar : add opamp
2026-06-27 20:56:32,945 [INFO] IPUIPlugin:80 - create IPUIPlugin
2026-06-27 20:56:32,945 [INFO] PluginManager:220 - loadIPPluginJar : add openamp
2026-06-27 20:56:32,989 [INFO] IPUIPlugin:80 - create IPUIPlugin
2026-06-27 20:56:32,989 [INFO] PluginManager:220 - loadIPPluginJar : add pdm2pcm
2026-06-27 20:56:33,003 [INFO] IPUIPlugin:80 - create IPUIPlugin
2026-06-27 20:56:33,004 [INFO] PluginManager:220 - loadIPPluginJar : add plateformsettings
2026-06-27 20:56:33,026 [INFO] IPUIPlugin:80 - create IPUIPlugin
2026-06-27 20:56:33,026 [INFO] PluginManager:220 - loadIPPluginJar : add quadspi
2026-06-27 20:56:33,055 [INFO] IPUIPlugin:80 - create IPUIPlugin
2026-06-27 20:56:33,056 [INFO] PluginManager:220 - loadIPPluginJar : add radio
2026-06-27 20:56:33,069 [INFO] IPUIPlugin:80 - create IPUIPlugin
2026-06-27 20:56:33,069 [INFO] PluginManager:220 - loadIPPluginJar : add resmgrutility
2026-06-27 20:56:33,123 [INFO] IPUIPlugin:80 - create IPUIPlugin
2026-06-27 20:56:33,123 [INFO] PluginManager:220 - loadIPPluginJar : add sai
2026-06-27 20:56:33,162 [INFO] IPUIPlugin:80 - create IPUIPlugin
2026-06-27 20:56:33,162 [INFO] PluginManager:220 - loadIPPluginJar : add spi
2026-06-27 20:56:33,234 [INFO] IPUIPlugin:80 - create IPUIPlugin
2026-06-27 20:56:33,235 [INFO] PluginManager:220 - loadIPPluginJar : add stm32_wpan
2026-06-27 20:56:33,258 [INFO] IPUIPlugin:80 - create IPUIPlugin
2026-06-27 20:56:33,258 [INFO] PluginManager:220 - loadIPPluginJar : add tim
2026-06-27 20:56:33,321 [INFO] IPUIPlugin:80 - create IPUIPlugin
2026-06-27 20:56:33,321 [INFO] PluginManager:220 - loadIPPluginJar : add touchsensing
2026-06-27 20:56:33,350 [INFO] IPUIPlugin:80 - create IPUIPlugin
2026-06-27 20:56:33,351 [INFO] PluginManager:220 - loadIPPluginJar : add tracer_emb
2026-06-27 20:56:33,379 [INFO] IPUIPlugin:80 - create IPUIPlugin
2026-06-27 20:56:33,379 [INFO] PluginManager:220 - loadIPPluginJar : add ts
2026-06-27 20:56:33,404 [INFO] IPUIPlugin:80 - create IPUIPlugin
2026-06-27 20:56:33,404 [INFO] PluginManager:220 - loadIPPluginJar : add tsc
2026-06-27 20:56:33,429 [INFO] IPUIPlugin:80 - create IPUIPlugin
2026-06-27 20:56:33,430 [INFO] PluginManager:220 - loadIPPluginJar : add ucpd
2026-06-27 20:56:33,479 [INFO] IPUIPlugin:80 - create IPUIPlugin
2026-06-27 20:56:33,479 [INFO] PluginManager:220 - loadIPPluginJar : add usart
2026-06-27 20:56:33,525 [INFO] IPUIPlugin:80 - create IPUIPlugin
2026-06-27 20:56:33,526 [INFO] PluginManager:220 - loadIPPluginJar : add usbx
2026-06-27 20:56:33,641 [FATAL] Updater:351 - Updater called before beeing initialized
2026-06-27 20:56:33,662 [INFO] RulesReader:64 - Compatibility file has been processed (297 Rules)
2026-06-27 20:56:33,670 [INFO] RulesReader:64 - Compatibility file has been processed (297 Rules)
2026-06-27 20:56:33,676 [INFO] CADModel:165 - CPN selected for project level
2026-06-27 20:56:33,676 [INFO] CADModel:114 - Register for checkConnection events
2026-06-27 20:56:33,676 [FATAL] Updater:351 - Updater called before beeing initialized
2026-06-27 20:56:33,676 [ERROR] CADModel:125 - Updater not yet initialized, retry later 
2026-06-27 20:56:33,811 [FATAL] Updater:351 - Updater called before beeing initialized
2026-06-27 20:56:33,813 [INFO] CADModel:165 - CPN selected for project level
2026-06-27 20:56:33,813 [INFO] CADModel:114 - Register for checkConnection events
2026-06-27 20:56:33,813 [FATAL] Updater:351 - Updater called before beeing initialized
2026-06-27 20:56:33,813 [ERROR] CADModel:125 - Updater not yet initialized, retry later 
2026-06-27 20:56:33,815 [FATAL] Updater:351 - Updater called before beeing initialized
2026-06-27 20:56:33,899 [FATAL] Updater:351 - Updater called before beeing initialized
2026-06-27 20:56:33,910 [INFO] DbMcusAds:53 - JSON generation date=Thu May 28 12:08:16 EDT 2026 (1779984496303)
2026-06-27 20:56:33,911 [FATAL] Updater:351 - Updater called before beeing initialized
2026-06-27 20:56:33,945 [WARN] DetailPanel:346 - Failed to get advertising image, set to default
2026-06-27 20:56:34,064 [INFO] ThirdPartyUpdaterWithRetryManager:70 - Updater plugin not ready yet. [2/15]
2026-06-27 20:56:34,125 [FATAL] Updater:351 - Updater called before beeing initialized
2026-06-27 20:56:34,127 [FATAL] Updater:351 - Updater called before beeing initialized
2026-06-27 20:56:34,127 [FATAL] Updater:351 - Updater called before beeing initialized
2026-06-27 20:56:34,127 [WARN] DetailPanel:346 - Failed to get advertising image, set to default
2026-06-27 20:56:34,128 [FATAL] Updater:351 - Updater called before beeing initialized
2026-06-27 20:56:34,182 [ERROR] Updater:1198 - MainUpdater not yet initialized. External WinMGr cannot be set.
2026-06-27 20:56:34,195 [INFO] Updater:1134 - Updater Version found : 6.13.0
2026-06-27 20:56:34,209 [INFO] ApplicationProperties:184 - Using Application install path: C:\ST\STM32CubeIDE_1.17.0\STM32CubeIDE\plugins\com.st.stm32cube.common.mx_6.13.0.202411220809
2026-06-27 20:56:35,911 [INFO] MainUpdater:525 - Copy updater definitions from MX database
2026-06-27 20:56:35,981 [ERROR] ExternalUserPreferencesManager:606 - Error while get path from external application: Cannot invoke "com.st.stm32cube.common.mx.MxActivator.getBundle()" because the return value of "com.st.stm32cube.common.mx.MxActivator.getDefault()" is null
2026-06-27 20:56:35,982 [ERROR] ExternalUserPreferencesManager:336 - Error while get preference info from external application: Cannot invoke "com.st.stm32cube.common.mx.MxActivator.getBundle()" because the return value of "com.st.stm32cube.common.mx.MxActivator.getDefault()" is null
2026-06-27 20:56:35,982 [ERROR] ExternalUserPreferencesManager:560 - Error while get preference info from external application: Cannot invoke "com.st.stm32cube.common.mx.MxActivator.getBundle()" because the return value of "com.st.stm32cube.common.mx.MxActivator.getDefault()" is null
2026-06-27 20:56:36,102 [ERROR] CheckConnectionManager:302 - Problem during Server Connection : Module has been uninstalled. osgi.identity; type="osgi.bundle"; version:Version="6.13.0.202411220809"; osgi.identity="com.st.stm32cube.common.mx"; singleton:="true" [id=13]
